[dotenv@17.3.1] injecting env (2) from .env -- tip: ΓÜí∩╕Å secrets for agents: https://dotenvx.com/as2
[404] https://api.sarvam.ai/chat/completions -> Not Found
[200] https://api.sarvam.ai/v1/chat/completions -> Other: {"id":"20260313_88143566-2601-
[ERR] https://api.sarvam.ai/speech-to-text -> Cannot find module 'form-data'
Require stack:
- C:\STUDY\IIIT\GOVV\server\test_endpoints.js
[ERR] https://api.sarvam.ai/v1/speech-to-text -> Cannot find module 'form-data'
Require stack:
- C:\STUDY\IIIT\GOVV\server\test_endpoints.js
[400] https://api.sarvam.ai/text-to-speech -> Bad Request (Endpoint exists)
[404] https://api.sarvam.ai/v1/text-to-speech -> Not Found
